// Jest Snapshot v1, https://goo.gl/fbAQLP

exports[`getDependencyConfig should return an array of dependencies' config 1`] = `
Object {
  "assets": Array [],
  "commands": Object {},
  "config": Object {
    "android": Object {
      "sampleAndroidKey": "",
    },
    "ios": Object {
      "sampleiOSKey": "",
    },
  },
  "name": "react-native-windows",
  "params": Array [],
  "path": "/root/node_modules/react-native-windows",
}
`;
