// Jest Snapshot v1, https://goo.gl/fbAQLP

exports[`legacy init through react-native-cli: package.json contains necessary configuration 1`] = `
Object {
  "dependencies": Object {
    "react": "16.8.3",
    "react-native": "0.59.3",
  },
  "devDependencies": Object {
    "@babel/core": "^7.4.0",
    "@babel/runtime": "^7.4.2",
    "babel-jest": "^24.6.0",
    "jest": "^24.6.0",
    "metro-react-native-babel-preset": "^0.53.1",
    "react-test-renderer": "16.8.3",
  },
  "jest": Object {
    "preset": "react-native",
  },
  "name": "TestApp",
  "private": true,
  "scripts": Object {
    "start": "node node_modules/react-native/local-cli/cli.js start",
    "test": "jest",
  },
  "version": "0.0.1",
}
`;
