// Jest Snapshot v1, https://goo.gl/fbAQLP

exports[`shows up current config without unnecessary output 1`] = `
{
  "root": "<<REPLACED_ROOT>>/TestProject",
  "reactNativePath": "<<REPLACED_ROOT>>/TestProject/node_modules/react-native",
  "dependencies": {},
  "commands": [
    {
      "name": "log-ios",
      "description": "starts iOS device syslog tail"
    },
    {
      "name": "run-ios",
      "description": "builds your app and starts it on iOS simulator",
      "examples": [
        "<<REPLACED>>"
      ],
      "options": [
        "<<REPLACED>>"
      ]
    },
    {
      "name": "log-android",
      "description": "starts logkitty"
    },
    {
      "name": "run-android",
      "description": "builds your app and starts it on a connected Android emulator or device",
      "options": [
        "<<REPLACED>>"
      ]
    }
  ],
  "assets": [],
  "platforms": {
    "ios": {},
    "android": {}
  },
  "project": {
    "ios": {
      "sourceDir": "<<REPLACED_ROOT>>/TestProject/ios",
      "folder": "<<REPLACED_ROOT>>/TestProject",
      "pbxprojPath": "<<REPLACED_ROOT>>/TestProject/ios/TestProject.xcodeproj/project.pbxproj",
      "podfile": "<<REPLACED_ROOT>>/TestProject/ios/Podfile",
      "podspecPath": null,
      "projectPath": "<<REPLACED_ROOT>>/TestProject/ios/TestProject.xcodeproj",
      "projectName": "TestProject.xcodeproj",
      "libraryFolder": "Libraries",
      "sharedLibraries": [],
      "plist": [],
      "scriptPhases": []
    },
    "android": {
      "sourceDir": "<<REPLACED_ROOT>>/TestProject/android",
      "isFlat": true,
      "folder": "<<REPLACED_ROOT>>/TestProject",
      "stringsPath": "<<REPLACED_ROOT>>/TestProject/android/app/src/main/res/values/strings.xml",
      "manifestPath": "<<REPLACED_ROOT>>/TestProject/android/app/src/main/AndroidManifest.xml",
      "buildGradlePath": "<<REPLACED_ROOT>>/TestProject/android/build.gradle",
      "settingsGradlePath": "<<REPLACED_ROOT>>/TestProject/android/settings.gradle",
      "assetsPath": "<<REPLACED_ROOT>>/TestProject/android/app/src/main/assets",
      "mainFilePath": "<<REPLACED_ROOT>>/TestProject/android/app/src/main/java/com/testproject/MainApplication.java",
      "packageName": "com.testproject",
      "packageFolder": "com/testproject",
      "appName": "app"
    }
  }
}
`;
